<html>
<body>
<pre>
<h1>µVision Build Log</h1>
<h2>Tool Versions:</h2>
IDE-Version: µVision V5.31.0.0
Copyright (C) 2020 ARM Ltd and ARM Germany GmbH. All rights reserved.
License Information: Brinal Savsaviya, IIT Dharwad, LIC=----
 
Tool Versions:
Toolchain:       MDK-Lite  Version: 5.31.0.0
Toolchain Path:  C:\Keil_v5\ARM\ARMCLANG\Bin
C Compiler:      ArmClang.exe V6.14
Assembler:       Armasm.exe V6.14
Linker/Locator:  ArmLink.exe V6.14
Library Manager: ArmAr.exe V6.14
Hex Converter:   FromElf.exe V6.14
CPU DLL:         SARMCM3.DLL V5.31.0.0
Dialog DLL:      DARMP1.DLL V1.27.0.0
Target DLL:      UL2CM3.DLL V1.163.4.0
Dialog DLL:      TARMP1.DLL V1.26.0.0
 
<h2>Project:</h2>
E:\V sem\Comp.Arch\Computer Architecture Lab\Course_P\Assembly\Assembly_code.uvprojx
Project File Date:  09/27/2020

<h2>Output:</h2>
*** Using Compiler 'V6.14', folder: 'C:\Keil_v5\ARM\ARMCLANG\Bin'
Rebuild target 'Target 1'
assembling Q_10.s...
assembling startup_LPC17xx.s...
RTE/Device/LPC1768/system_LPC17xx.c(36): warning: In file included from...
C:/Users/hp/AppData/Local/Arm/Packs/Keil/LPC1700_DFP/2.6.0/Device/Include\LPC17xx.h(200): warning: anonymous structs are a C11 extension [-Wc11-extensions]
    struct {
    ^
C:/Users/hp/AppData/Local/Arm/Packs/Keil/LPC1700_DFP/2.6.0/Device/Include\LPC17xx.h(204): warning: anonymous structs are a C11 extension [-Wc11-extensions]
    struct {
    ^
C:/Users/hp/AppData/Local/Arm/Packs/Keil/LPC1700_DFP/2.6.0/Device/Include\LPC17xx.h(198): warning: anonymous unions are a C11 extension [-Wc11-extensions]
  union {
  ^
C:/Users/hp/AppData/Local/Arm/Packs/Keil/LPC1700_DFP/2.6.0/Device/Include\LPC17xx.h(214): warning: anonymous structs are a C11 extension [-Wc11-extensions]
    struct {
    ^
C:/Users/hp/AppData/Local/Arm/Packs/Keil/LPC1700_DFP/2.6.0/Device/Include\LPC17xx.h(218): warning: anonymous structs are a C11 extension [-Wc11-extensions]
    struct {
    ^
C:/Users/hp/AppData/Local/Arm/Packs/Keil/LPC1700_DFP/2.6.0/Device/Include\LPC17xx.h(212): warning: anonymous unions are a C11 extension [-Wc11-extensions]
  union {
  ^
C:/Users/hp/AppData/Local/Arm/Packs/Keil/LPC1700_DFP/2.6.0/Device/Include\LPC17xx.h(227): warning: anonymous structs are a C11 extension [-Wc11-extensions]
    struct {
    ^
C:/Users/hp/AppData/Local/Arm/Packs/Keil/LPC1700_DFP/2.6.0/Device/Include\LPC17xx.h(231): warning: anonymous structs are a C11 extension [-Wc11-extensions]
    struct {
    ^
C:/Users/hp/AppData/Local/Arm/Packs/Keil/LPC1700_DFP/2.6.0/Device/Include\LPC17xx.h(225): warning: anonymous unions are a C11 extension [-Wc11-extensions]
  union {
  ^
C:/Users/hp/AppData/Local/Arm/Packs/Keil/LPC1700_DFP/2.6.0/Device/Include\LPC17xx.h(240): warning: anonymous structs are a C11 extension [-Wc11-extensions]
    struct {
    ^
C:/Users/hp/AppData/Local/Arm/Packs/Keil/LPC1700_DFP/2.6.0/Device/Include\LPC17xx.h(244): warning: anonymous structs are a C11 extension [-Wc11-extensions]
    struct {
    ^
C:/Users/hp/AppData/Local/Arm/Packs/Keil/LPC1700_DFP/2.6.0/Device/Include\LPC17xx.h(238): warning: anonymous unions are a C11 extension [-Wc11-extensions]
  union {
  ^
C:/Users/hp/AppData/Local/Arm/Packs/Keil/LPC1700_DFP/2.6.0/Device/Include\LPC17xx.h(253): warning: anonymous structs are a C11 extension [-Wc11-extensions]
    struct {
    ^
C:/Users/hp/AppData/Local/Arm/Packs/Keil/LPC1700_DFP/2.6.0/Device/Include\LPC17xx.h(257): warning: anonymous structs are a C11 extension [-Wc11-extensions]
    struct {
    ^
C:/Users/hp/AppData/Local/Arm/Packs/Keil/LPC1700_DFP/2.6.0/Device/Include\LPC17xx.h(251): warning: anonymous unions are a C11 extension [-Wc11-extensions]
  union {
  ^
C:/Users/hp/AppData/Local/Arm/Packs/Keil/LPC1700_DFP/2.6.0/Device/Include\LPC17xx.h(339): warning: anonymous unions are a C11 extension [-Wc11-extensions]
  union {
  ^
C:/Users/hp/AppData/Local/Arm/Packs/Keil/LPC1700_DFP/2.6.0/Device/Include\LPC17xx.h(345): warning: anonymous unions are a C11 extension [-Wc11-extensions]
  union {
  ^
C:/Users/hp/AppData/Local/Arm/Packs/Keil/LPC1700_DFP/2.6.0/Device/Include\LPC17xx.h(349): warning: anonymous unions are a C11 extension [-Wc11-extensions]
  union {
  ^
C:/Users/hp/AppData/Local/Arm/Packs/Keil/LPC1700_DFP/2.6.0/Device/Include\LPC17xx.h(370): warning: anonymous unions are a C11 extension [-Wc11-extensions]
  union {
  ^
C:/Users/hp/AppData/Local/Arm/Packs/Keil/LPC1700_DFP/2.6.0/Device/Include\LPC17xx.h(376): warning: anonymous unions are a C11 extension [-Wc11-extensions]
  union {
  ^
C:/Users/hp/AppData/Local/Arm/Packs/Keil/LPC1700_DFP/2.6.0/Device/Include\LPC17xx.h(380): warning: anonymous unions are a C11 extension [-Wc11-extensions]
  union {
  ^
C:/Users/hp/AppData/Local/Arm/Packs/Keil/LPC1700_DFP/2.6.0/Device/Include\LPC17xx.h(829): warning: anonymous unions are a C11 extension [-Wc11-extensions]
  union {
  ^
C:/Users/hp/AppData/Local/Arm/Packs/Keil/LPC1700_DFP/2.6.0/Device/Include\LPC17xx.h(839): warning: anonymous unions are a C11 extension [-Wc11-extensions]
  union {
  ^
C:/Users/hp/AppData/Local/Arm/Packs/Keil/LPC1700_DFP/2.6.0/Device/Include\LPC17xx.h(843): warning: anonymous unions are a C11 extension [-Wc11-extensions]
  union {
  ^
RTE/Device/LPC1768/system_LPC17xx.c(539): warning: implicit conversion changes signedness: 'int' to 'unsigned int' [-Wsign-conversion]
  LPC_SC->FLASHCFG  = (LPC_SC->FLASHCFG & ~0x0000F000) | FLASHCFG_Val;
                                        ~ ^~~~~~~~~~~
25 warnings generated.
compiling system_LPC17xx.c...
linking...
.\Objects\Assembly_code.sct(8): warning: L6314W: No section matches pattern *(InRoot$$Sections).
Program Size: Code=564 RO-data=204 RW-data=0 ZI-data=512  
Finished: 0 information, 1 warning and 0 error messages.
FromELF: creating hex file...
".\Objects\Assembly_code.axf" - 0 Error(s), 26 Warning(s).

<h2>Software Packages used:</h2>

Package Vendor: ARM
                http://www.keil.com/pack/ARM.CMSIS.5.7.0.pack
                ARM.CMSIS.5.7.0
                CMSIS (Cortex Microcontroller Software Interface Standard)
   * Component: CORE Version: 5.4.0

Package Vendor: Keil
                http://www.keil.com/pack/Keil.LPC1700_DFP.2.6.0.pack
                Keil.LPC1700_DFP.2.6.0
                NXP LPC1700 Series Device Support, Drivers and Examples for MCB1700 and LPC1788-32
   * Component: Startup Version: 1.0.0

<h2>Collection of Component include folders:</h2>
  .\RTE\Device\LPC1768
  .\RTE\_Target_1
  C:\Users\hp\AppData\Local\Arm\Packs\ARM\CMSIS\5.7.0\CMSIS\Core\Include
  C:\Users\hp\AppData\Local\Arm\Packs\Keil\LPC1700_DFP\2.6.0\Device\Include

<h2>Collection of Component Files used:</h2>

   * Component: ARM::CMSIS:CORE:5.4.0

   * Component: Keil::Device:Startup:1.0.0
      Source file:   Device\Source\ARM\startup_LPC17xx.s
      Include file:  RTE_Driver\Config\RTE_Device.h
      Include file:  Device\Include\LPC17xx.h
      Source file:   Device\Source\system_LPC17xx.c
Build Time Elapsed:  00:00:01
</pre>
</body>
</html>
